Inside custom test 'read ledger' syscall
Ledger hash: 256
Inside custom test 'invoke' syscall
Inside custom test 'exit' syscall
